// Jest Snapshot v1, https://goo.gl/fbAQLP

exports[`RemoteSubmit remoteSubmit 1`] = `
Array [
  <div
    class="input-wrap"
    role="wrapper-for-input"
  >
    <label>
      Username
    </label>
    <input
      class="input"
      name="username"
      placeholder="Username"
      role="textbox"
      value=""
    />
  </div>,
  <div
    class="input-wrap"
    role="wrapper-for-input"
  >
    <label>
      First name
    </label>
    <input
      class="input input-error"
      name="profile.firstName"
      placeholder="First name"
      role="textbox"
      value=""
    />
    <span>
      Field is required
    </span>
  </div>,
  <div
    class="input-wrap"
    role="wrapper-for-input"
  >
    <label>
      Last name
    </label>
    <input
      class="input"
      name="profile.lastName"
      placeholder="Last name"
      role="textbox"
      value=""
    />
  </div>,
]
`;

exports[`RemoteSubmit remoteSubmit mockSubmit 1`] = `
Object {
  "errorsInline": Object {
    "profile.firstName": "Field is required",
  },
  "fieldsInline": Object {
    "profile.firstName": Object {
      "_type": "fieldMeta",
      "active": false,
      "blurred": false,
      "blurredAfterOuterError": false,
      "changed": false,
      "changedAfterOuterError": false,
      "touched": false,
      "touchedAfterOuterError": false,
      "validate": [Function],
    },
    "profile.lastName": Object {
      "_type": "fieldMeta",
      "active": false,
      "blurred": false,
      "blurredAfterOuterError": false,
      "changed": false,
      "changedAfterOuterError": false,
      "touched": false,
      "touchedAfterOuterError": false,
      "validate": undefined,
    },
    "username": Object {
      "_type": "fieldMeta",
      "active": false,
      "blurred": false,
      "blurredAfterOuterError": false,
      "changed": false,
      "changedAfterOuterError": false,
      "touched": false,
      "touchedAfterOuterError": false,
      "validate": undefined,
    },
  },
  "form": Object {
    "hasError": true,
    "hasOuterError": false,
    "submitted": true,
  },
  "values": Object {},
}
`;
